d:\work\code\cpp\randomlevelgenerator\gridgeneratorvs2022\gridgenerator\gridgenerator\x64\debug\vc143.pdb
d:\work\code\cpp\randomlevelgenerator\gridgeneratorvs2022\gridgenerator\gridgenerator\x64\debug\vc143.idb
d:\work\code\cpp\randomlevelgenerator\gridgeneratorvs2022\gridgenerator\gridgenerator\x64\debug\unionfinder.obj
d:\work\code\cpp\randomlevelgenerator\gridgeneratorvs2022\gridgenerator\gridgenerator\x64\debug\tilescanner.obj
d:\work\code\cpp\randomlevelgenerator\gridgeneratorvs2022\gridgenerator\gridgenerator\x64\debug\randomcoordgenerator.obj
d:\work\code\cpp\randomlevelgenerator\gridgeneratorvs2022\gridgenerator\gridgenerator\x64\debug\gridmanager.obj
d:\work\code\cpp\randomlevelgenerator\gridgeneratorvs2022\gridgenerator\gridgenerator\x64\debug\gridgenerator.obj
d:\work\code\cpp\randomlevelgenerator\gridgeneratorvs2022\gridgenerator\gridgenerator\x64\debug\griddata.obj
d:\work\code\cpp\randomlevelgenerator\gridgeneratorvs2022\gridgenerator\gridgenerator\x64\debug\basictileprocessor.obj
d:\work\code\cpp\randomlevelgenerator\gridgeneratorvs2022\gridgenerator\gridgenerator\x64\debug\basiclayoutgenerator.obj
d:\work\code\cpp\randomlevelgenerator\gridgeneratorvs2022\gridgenerator\x64\debug\gridgenerator.exe
d:\work\code\cpp\randomlevelgenerator\gridgeneratorvs2022\gridgenerator\x64\debug\gridgenerator.pdb
d:\work\code\cpp\randomlevelgenerator\gridgeneratorvs2022\gridgenerator\gridgenerator\x64\debug\gridgenerator.ilk
d:\work\code\cpp\randomlevelgenerator\gridgeneratorvs2022\gridgenerator\gridgenerator\x64\debug\gridgenerator.tlog\cl.command.1.tlog
d:\work\code\cpp\randomlevelgenerator\gridgeneratorvs2022\gridgenerator\gridgenerator\x64\debug\gridgenerator.tlog\cl.items.tlog
d:\work\code\cpp\randomlevelgenerator\gridgeneratorvs2022\gridgenerator\gridgenerator\x64\debug\gridgenerator.tlog\cl.read.1.tlog
d:\work\code\cpp\randomlevelgenerator\gridgeneratorvs2022\gridgenerator\gridgenerator\x64\debug\gridgenerator.tlog\cl.write.1.tlog
d:\work\code\cpp\randomlevelgenerator\gridgeneratorvs2022\gridgenerator\gridgenerator\x64\debug\gridgenerator.tlog\link.command.1.tlog
d:\work\code\cpp\randomlevelgenerator\gridgeneratorvs2022\gridgenerator\gridgenerator\x64\debug\gridgenerator.tlog\link.read.1.tlog
d:\work\code\cpp\randomlevelgenerator\gridgeneratorvs2022\gridgenerator\gridgenerator\x64\debug\gridgenerator.tlog\link.secondary.1.tlog
d:\work\code\cpp\randomlevelgenerator\gridgeneratorvs2022\gridgenerator\gridgenerator\x64\debug\gridgenerator.tlog\link.write.1.tlog
